and my line is too long
my name is ivan and my line is too long so it won't be printed
